// Jest Snapshot v1, https://goo.gl/fbAQLP

exports[`render logo 1`] = `
<div
  className="sc-beqWaB hcycSS"
>
  <img
    alt="logo"
    className="App-logo"
    src="logo.svg"
  />
</div>
`;
